{"@timestamp":"2026-09-12T17:17:59.267234-07:00","@version":"1","message":"Starting LogAnalyticsServiceApplication using Java 21.0.12.1 with PID 59562 (/Users/sravanthiediga/IdeaProjects/logAnalyticsService/target/classes started by sravanthiediga in /Users/sravanthiediga/IdeaProjects/logAnalyticsService)","logger_name":"com.sravanthi.logAnalytics.LogAnalyticsServiceApplication","thread_name":"main","level":"INFO","level_value":20000,"tags":["COMMONS-LOGGING"]}
{"@timestamp":"2026-09-12T17:17:59.274174-07:00","@version":"1","message":"No active profile set, falling back to 1 default profile: \"default\"","logger_name":"com.sravanthi.logAnalytics.LogAnalyticsServiceApplication","thread_name":"main","level":"INFO","level_value":20000,"tags":["COMMONS-LOGGING"]}
{"@timestamp":"2026-09-12T17:17:59.725798-07:00","@version":"1","message":"Tomcat initialized with port 8080 (http)","logger_name":"org.springframework.boot.tomcat.TomcatWebServer","thread_name":"main","level":"INFO","level_value":20000,"tags":["COMMONS-LOGGING"]}
{"@timestamp":"2026-09-12T17:17:59.732442-07:00","@version":"1","message":"Starting service [Tomcat]","logger_name":"org.apache.catalina.core.StandardService","thread_name":"main","level":"INFO","level_value":20000}
{"@timestamp":"2026-09-12T17:17:59.732712-07:00","@version":"1","message":"Starting Servlet engine: [Apache Tomcat/11.0.24]","logger_name":"org.apache.catalina.core.StandardEngine","thread_name":"main","level":"INFO","level_value":20000}
{"@timestamp":"2026-09-12T17:17:59.751188-07:00","@version":"1","message":"Root WebApplicationContext: initialization completed in 446 ms","logger_name":"org.springframework.boot.web.context.servlet.WebApplicationContextInitializer","thread_name":"main","level":"INFO","level_value":20000,"tags":["COMMONS-LOGGING"]}
{"@timestamp":"2026-09-12T17:17:59.952563-07:00","@version":"1","message":"Exposing 2 endpoints beneath base path '/actuator'","logger_name":"org.springframework.boot.actuate.endpoint.web.EndpointLinksResolver","thread_name":"main","level":"INFO","level_value":20000,"tags":["COMMONS-LOGGING"]}
{"@timestamp":"2026-09-12T17:17:59.981767-07:00","@version":"1","message":"Tomcat started on port 8080 (http) with context path '/'","logger_name":"org.springframework.boot.tomcat.TomcatWebServer","thread_name":"main","level":"INFO","level_value":20000,"tags":["COMMONS-LOGGING"]}
{"@timestamp":"2026-09-12T17:17:59.985878-07:00","@version":"1","message":"Started LogAnalyticsServiceApplication in 0.944 seconds (process running for 1.164)","logger_name":"com.sravanthi.logAnalytics.LogAnalyticsServiceApplication","thread_name":"main","level":"INFO","level_value":20000,"tags":["COMMONS-LOGGING"]}
{"@timestamp":"2026-09-12T17:19:03.280006-07:00","@version":"1","message":"Initializing Spring DispatcherServlet 'dispatcherServlet'","logger_name":"org.apache.catalina.core.ContainerBase.[Tomcat].[localhost].[/]","thread_name":"http-nio-8080-exec-1","level":"INFO","level_value":20000}
{"@timestamp":"2026-09-12T17:19:03.283624-07:00","@version":"1","message":"Initializing Servlet 'dispatcherServlet'","logger_name":"org.springframework.web.servlet.DispatcherServlet","thread_name":"http-nio-8080-exec-1","level":"INFO","level_value":20000,"tags":["COMMONS-LOGGING"]}
{"@timestamp":"2026-09-12T17:19:03.294383-07:00","@version":"1","message":"Completed initialization in 10 ms","logger_name":"org.springframework.web.servlet.DispatcherServlet","thread_name":"http-nio-8080-exec-1","level":"INFO","level_value":20000,"tags":["COMMONS-LOGGING"]}
{"@timestamp":"2026-09-12T17:19:03.316852-07:00","@version":"1","message":"Order processing started. Amount=7500.0","logger_name":"com.sravanthi.logAnalytics.Controller.LogGeneratorController","thread_name":"http-nio-8080-exec-1","level":"INFO","level_value":20000,"orderId":"ORD-S3-012","correlationId":"38b8daba-412c-4423-b8ed-eeb074482a83"}
{"@timestamp":"2026-09-12T17:19:03.317235-07:00","@version":"1","message":"High-value order detected. Amount=7500.0","logger_name":"com.sravanthi.logAnalytics.Controller.LogGeneratorController","thread_name":"http-nio-8080-exec-1","level":"WARN","level_value":30000,"orderId":"ORD-S3-012","correlationId":"38b8daba-412c-4423-b8ed-eeb074482a83"}
{"@timestamp":"2026-09-12T17:19:03.317423-07:00","@version":"1","message":"Order processed successfully. Amount=7500.0","logger_name":"com.sravanthi.logAnalytics.Controller.LogGeneratorController","thread_name":"http-nio-8080-exec-1","level":"INFO","level_value":20000,"orderId":"ORD-S3-012","correlationId":"38b8daba-412c-4423-b8ed-eeb074482a83"}
{"@timestamp":"2026-09-12T17:32:40.108545-07:00","@version":"1","message":"Commencing graceful shutdown. Waiting for active requests to complete","logger_name":"org.springframework.boot.tomcat.GracefulShutdown","thread_name":"SpringApplicationShutdownHook","level":"INFO","level_value":20000,"tags":["COMMONS-LOGGING"]}
{"@timestamp":"2026-09-12T17:32:40.11561-07:00","@version":"1","message":"Graceful shutdown complete","logger_name":"org.springframework.boot.tomcat.GracefulShutdown","thread_name":"tomcat-shutdown","level":"INFO","level_value":20000,"tags":["COMMONS-LOGGING"]}
{"@timestamp":"2026-09-12T17:32:53.75074-07:00","@version":"1","message":"Starting LogAnalyticsServiceApplicationTests using Java 25.0.1 with PID 59789 (started by sravanthiediga in /Users/sravanthiediga/IdeaProjects/logAnalyticsService)","logger_name":"com.sravanthi.logAnalytics.LogAnalyticsServiceApplicationTests","thread_name":"main","level":"INFO","level_value":20000,"tags":["COMMONS-LOGGING"]}
{"@timestamp":"2026-09-12T17:32:53.753785-07:00","@version":"1","message":"No active profile set, falling back to 1 default profile: \"default\"","logger_name":"com.sravanthi.logAnalytics.LogAnalyticsServiceApplicationTests","thread_name":"main","level":"INFO","level_value":20000,"tags":["COMMONS-LOGGING"]}
{"@timestamp":"2026-09-12T17:32:54.310515-07:00","@version":"1","message":"Exposing 2 endpoints beneath base path '/actuator'","logger_name":"org.springframework.boot.actuate.endpoint.web.EndpointLinksResolver","thread_name":"main","level":"INFO","level_value":20000,"tags":["COMMONS-LOGGING"]}
{"@timestamp":"2026-09-12T17:32:54.339632-07:00","@version":"1","message":"Started LogAnalyticsServiceApplicationTests in 0.715 seconds (process running for 1.207)","logger_name":"com.sravanthi.logAnalytics.LogAnalyticsServiceApplicationTests","thread_name":"main","level":"INFO","level_value":20000,"tags":["COMMONS-LOGGING"]}
{"@timestamp":"2026-09-12T17:34:26.489898-07:00","@version":"1","message":"Starting LogAnalyticsServiceApplication using Java 21.0.12.1 with PID 59840 (/Users/sravanthiediga/IdeaProjects/logAnalyticsService/target/classes started by sravanthiediga in /Users/sravanthiediga/IdeaProjects/logAnalyticsService)","logger_name":"com.sravanthi.logAnalytics.LogAnalyticsServiceApplication","thread_name":"main","level":"INFO","level_value":20000,"tags":["COMMONS-LOGGING"]}
{"@timestamp":"2026-09-12T17:34:26.494656-07:00","@version":"1","message":"No active profile set, falling back to 1 default profile: \"default\"","logger_name":"com.sravanthi.logAnalytics.LogAnalyticsServiceApplication","thread_name":"main","level":"INFO","level_value":20000,"tags":["COMMONS-LOGGING"]}
{"@timestamp":"2026-09-12T17:34:26.905712-07:00","@version":"1","message":"Tomcat initialized with port 8080 (http)","logger_name":"org.springframework.boot.tomcat.TomcatWebServer","thread_name":"main","level":"INFO","level_value":20000,"tags":["COMMONS-LOGGING"]}
{"@timestamp":"2026-09-12T17:34:26.912486-07:00","@version":"1","message":"Starting service [Tomcat]","logger_name":"org.apache.catalina.core.StandardService","thread_name":"main","level":"INFO","level_value":20000}
{"@timestamp":"2026-09-12T17:34:26.912768-07:00","@version":"1","message":"Starting Servlet engine: [Apache Tomcat/11.0.24]","logger_name":"org.apache.catalina.core.StandardEngine","thread_name":"main","level":"INFO","level_value":20000}
{"@timestamp":"2026-09-12T17:34:26.930562-07:00","@version":"1","message":"Root WebApplicationContext: initialization completed in 414 ms","logger_name":"org.springframework.boot.web.context.servlet.WebApplicationContextInitializer","thread_name":"main","level":"INFO","level_value":20000,"tags":["COMMONS-LOGGING"]}
{"@timestamp":"2026-09-12T17:34:27.152213-07:00","@version":"1","message":"Exposing 2 endpoints beneath base path '/actuator'","logger_name":"org.springframework.boot.actuate.endpoint.web.EndpointLinksResolver","thread_name":"main","level":"INFO","level_value":20000,"tags":["COMMONS-LOGGING"]}
{"@timestamp":"2026-09-12T17:34:27.183653-07:00","@version":"1","message":"Tomcat started on port 8080 (http) with context path '/'","logger_name":"org.springframework.boot.tomcat.TomcatWebServer","thread_name":"main","level":"INFO","level_value":20000,"tags":["COMMONS-LOGGING"]}
{"@timestamp":"2026-09-12T17:34:27.187589-07:00","@version":"1","message":"Started LogAnalyticsServiceApplication in 0.937 seconds (process running for 1.166)","logger_name":"com.sravanthi.logAnalytics.LogAnalyticsServiceApplication","thread_name":"main","level":"INFO","level_value":20000,"tags":["COMMONS-LOGGING"]}
{"@timestamp":"2026-09-12T17:34:32.372966-07:00","@version":"1","message":"Initializing Spring DispatcherServlet 'dispatcherServlet'","logger_name":"org.apache.catalina.core.ContainerBase.[Tomcat].[localhost].[/]","thread_name":"http-nio-8080-exec-1","level":"INFO","level_value":20000}
{"@timestamp":"2026-09-12T17:34:32.373422-07:00","@version":"1","message":"Initializing Servlet 'dispatcherServlet'","logger_name":"org.springframework.web.servlet.DispatcherServlet","thread_name":"http-nio-8080-exec-1","level":"INFO","level_value":20000,"tags":["COMMONS-LOGGING"]}
{"@timestamp":"2026-09-12T17:34:32.374382-07:00","@version":"1","message":"Completed initialization in 1 ms","logger_name":"org.springframework.web.servlet.DispatcherServlet","thread_name":"http-nio-8080-exec-1","level":"INFO","level_value":20000,"tags":["COMMONS-LOGGING"]}
{"@timestamp":"2026-09-12T17:34:32.396758-07:00","@version":"1","message":"Order processing started. Amount=7500.0","logger_name":"com.sravanthi.logAnalytics.Controller.LogGeneratorController","thread_name":"http-nio-8080-exec-1","level":"INFO","level_value":20000,"orderId":"ORD-S3-014","correlationId":"90bb2414-dd3f-4345-bf7b-43ccd91c8c62"}
{"@timestamp":"2026-09-12T17:34:32.397154-07:00","@version":"1","message":"High-value order detected. Amount=7500.0","logger_name":"com.sravanthi.logAnalytics.Controller.LogGeneratorController","thread_name":"http-nio-8080-exec-1","level":"WARN","level_value":30000,"orderId":"ORD-S3-014","correlationId":"90bb2414-dd3f-4345-bf7b-43ccd91c8c62"}
{"@timestamp":"2026-09-12T17:34:32.39736-07:00","@version":"1","message":"Order processed successfully. Amount=7500.0","logger_name":"com.sravanthi.logAnalytics.Controller.LogGeneratorController","thread_name":"http-nio-8080-exec-1","level":"INFO","level_value":20000,"orderId":"ORD-S3-014","correlationId":"90bb2414-dd3f-4345-bf7b-43ccd91c8c62"}
{"@timestamp":"2026-09-12T17:36:11.255848-07:00","@version":"1","message":"Order processing started. Amount=7500.0","logger_name":"com.sravanthi.logAnalytics.Controller.LogGeneratorController","thread_name":"http-nio-8080-exec-2","level":"INFO","level_value":20000,"orderId":"ORD-S3-015","correlationId":"92cd8a7b-c4d4-488f-bd68-d7f6eee9fb07"}
{"@timestamp":"2026-09-12T17:36:11.259093-07:00","@version":"1","message":"High-value order detected. Amount=7500.0","logger_name":"com.sravanthi.logAnalytics.Controller.LogGeneratorController","thread_name":"http-nio-8080-exec-2","level":"WARN","level_value":30000,"orderId":"ORD-S3-015","correlationId":"92cd8a7b-c4d4-488f-bd68-d7f6eee9fb07"}
{"@timestamp":"2026-09-12T17:36:11.25961-07:00","@version":"1","message":"Order processed successfully. Amount=7500.0","logger_name":"com.sravanthi.logAnalytics.Controller.LogGeneratorController","thread_name":"http-nio-8080-exec-2","level":"INFO","level_value":20000,"orderId":"ORD-S3-015","correlationId":"92cd8a7b-c4d4-488f-bd68-d7f6eee9fb07"}
{"@timestamp":"2026-09-12T17:46:16.263471-07:00","@version":"1","message":"Commencing graceful shutdown. Waiting for active requests to complete","logger_name":"org.springframework.boot.tomcat.GracefulShutdown","thread_name":"SpringApplicationShutdownHook","level":"INFO","level_value":20000,"tags":["COMMONS-LOGGING"]}
{"@timestamp":"2026-09-12T17:46:16.269694-07:00","@version":"1","message":"Graceful shutdown complete","logger_name":"org.springframework.boot.tomcat.GracefulShutdown","thread_name":"tomcat-shutdown","level":"INFO","level_value":20000,"tags":["COMMONS-LOGGING"]}
{"@timestamp":"2026-09-12T17:46:49.571668-07:00","@version":"1","message":"HV000001: Hibernate Validator 9.1.3.Final","logger_name":"org.hibernate.validator.internal.util.Version","thread_name":"background-preinit","level":"INFO","level_value":20000}
{"@timestamp":"2026-09-12T17:46:49.60363-07:00","@version":"1","message":"Starting LogAnalyticsServiceApplication using Java 21.0.12.1 with PID 60164 (/Users/sravanthiediga/IdeaProjects/logAnalyticsService/target/classes started by sravanthiediga in /Users/sravanthiediga/IdeaProjects/logAnalyticsService)","logger_name":"com.sravanthi.logAnalytics.LogAnalyticsServiceApplication","thread_name":"main","level":"INFO","level_value":20000,"tags":["COMMONS-LOGGING"]}
{"@timestamp":"2026-09-12T17:46:49.604499-07:00","@version":"1","message":"No active profile set, falling back to 1 default profile: \"default\"","logger_name":"com.sravanthi.logAnalytics.LogAnalyticsServiceApplication","thread_name":"main","level":"INFO","level_value":20000,"tags":["COMMONS-LOGGING"]}
{"@timestamp":"2026-09-12T17:46:50.034788-07:00","@version":"1","message":"Tomcat initialized with port 8080 (http)","logger_name":"org.springframework.boot.tomcat.TomcatWebServer","thread_name":"main","level":"INFO","level_value":20000,"tags":["COMMONS-LOGGING"]}
{"@timestamp":"2026-09-12T17:46:50.041802-07:00","@version":"1","message":"Initializing ProtocolHandler [\"http-nio-8080\"]","logger_name":"org.apache.coyote.http11.Http11NioProtocol","thread_name":"main","level":"INFO","level_value":20000}
{"@timestamp":"2026-09-12T17:46:50.042538-07:00","@version":"1","message":"Starting service [Tomcat]","logger_name":"org.apache.catalina.core.StandardService","thread_name":"main","level":"INFO","level_value":20000}
{"@timestamp":"2026-09-12T17:46:50.042698-07:00","@version":"1","message":"Starting Servlet engine: [Apache Tomcat/11.0.24]","logger_name":"org.apache.catalina.core.StandardEngine","thread_name":"main","level":"INFO","level_value":20000}
{"@timestamp":"2026-09-12T17:46:50.06234-07:00","@version":"1","message":"Root WebApplicationContext: initialization completed in 434 ms","logger_name":"org.springframework.boot.web.context.servlet.WebApplicationContextInitializer","thread_name":"main","level":"INFO","level_value":20000,"tags":["COMMONS-LOGGING"]}
{"@timestamp":"2026-09-12T17:46:50.269527-07:00","@version":"1","message":"Exposing 2 endpoints beneath base path '/actuator'","logger_name":"org.springframework.boot.actuate.endpoint.web.EndpointLinksResolver","thread_name":"main","level":"INFO","level_value":20000,"tags":["COMMONS-LOGGING"]}
{"@timestamp":"2026-09-12T17:46:50.28799-07:00","@version":"1","message":"Starting ProtocolHandler [\"http-nio-8080\"]","logger_name":"org.apache.coyote.http11.Http11NioProtocol","thread_name":"main","level":"INFO","level_value":20000}
{"@timestamp":"2026-09-12T17:46:50.293621-07:00","@version":"1","message":"Tomcat started on port 8080 (http) with context path '/'","logger_name":"org.springframework.boot.tomcat.TomcatWebServer","thread_name":"main","level":"INFO","level_value":20000,"tags":["COMMONS-LOGGING"]}
{"@timestamp":"2026-09-12T17:46:50.297403-07:00","@version":"1","message":"Started LogAnalyticsServiceApplication in 1.07 seconds (process running for 1.276)","logger_name":"com.sravanthi.logAnalytics.LogAnalyticsServiceApplication","thread_name":"main","level":"INFO","level_value":20000,"tags":["COMMONS-LOGGING"]}
{"@timestamp":"2026-09-12T17:49:01.748584-07:00","@version":"1","message":"Initializing Spring DispatcherServlet 'dispatcherServlet'","logger_name":"org.apache.catalina.core.ContainerBase.[Tomcat].[localhost].[/]","thread_name":"http-nio-8080-exec-1","level":"INFO","level_value":20000}
{"@timestamp":"2026-09-12T17:49:01.751954-07:00","@version":"1","message":"Initializing Servlet 'dispatcherServlet'","logger_name":"org.springframework.web.servlet.DispatcherServlet","thread_name":"http-nio-8080-exec-1","level":"INFO","level_value":20000,"tags":["COMMONS-LOGGING"]}
{"@timestamp":"2026-09-12T17:49:01.757317-07:00","@version":"1","message":"Completed initialization in 5 ms","logger_name":"org.springframework.web.servlet.DispatcherServlet","thread_name":"http-nio-8080-exec-1","level":"INFO","level_value":20000,"tags":["COMMONS-LOGGING"]}
{"@timestamp":"2026-09-12T17:49:01.778539-07:00","@version":"1","message":"Order processing started. Amount=7500.0","logger_name":"com.sravanthi.logAnalytics.Controller.LogGeneratorController","thread_name":"http-nio-8080-exec-1","level":"INFO","level_value":20000,"orderId":"ORD-TCP-002","correlationId":"823415cc-edaf-43c2-b90e-4d4016990265"}
{"@timestamp":"2026-09-12T17:49:01.778965-07:00","@version":"1","message":"High-value order detected. Amount=7500.0","logger_name":"com.sravanthi.logAnalytics.Controller.LogGeneratorController","thread_name":"http-nio-8080-exec-1","level":"WARN","level_value":30000,"orderId":"ORD-TCP-002","correlationId":"823415cc-edaf-43c2-b90e-4d4016990265"}
{"@timestamp":"2026-09-12T17:49:01.779042-07:00","@version":"1","message":"Order processed successfully. Amount=7500.0","logger_name":"com.sravanthi.logAnalytics.Controller.LogGeneratorController","thread_name":"http-nio-8080-exec-1","level":"INFO","level_value":20000,"orderId":"ORD-TCP-002","correlationId":"823415cc-edaf-43c2-b90e-4d4016990265"}
{"@timestamp":"2026-09-12T17:49:05.444031-07:00","@version":"1","message":"Commencing graceful shutdown. Waiting for active requests to complete","logger_name":"org.springframework.boot.tomcat.GracefulShutdown","thread_name":"SpringApplicationShutdownHook","level":"INFO","level_value":20000,"tags":["COMMONS-LOGGING"]}
{"@timestamp":"2026-09-12T17:49:05.448515-07:00","@version":"1","message":"Graceful shutdown complete","logger_name":"org.springframework.boot.tomcat.GracefulShutdown","thread_name":"tomcat-shutdown","level":"INFO","level_value":20000,"tags":["COMMONS-LOGGING"]}
{"@timestamp":"2026-09-12T17:49:06.681489-07:00","@version":"1","message":"HV000001: Hibernate Validator 9.1.3.Final","logger_name":"org.hibernate.validator.internal.util.Version","thread_name":"background-preinit","level":"INFO","level_value":20000}
{"@timestamp":"2026-09-12T17:49:06.715643-07:00","@version":"1","message":"Starting LogAnalyticsServiceApplication using Java 21.0.12.1 with PID 60221 (/Users/sravanthiediga/IdeaProjects/logAnalyticsService/target/classes started by sravanthiediga in /Users/sravanthiediga/IdeaProjects/logAnalyticsService)","logger_name":"com.sravanthi.logAnalytics.LogAnalyticsServiceApplication","thread_name":"main","level":"INFO","level_value":20000,"tags":["COMMONS-LOGGING"]}
{"@timestamp":"2026-09-12T17:49:06.716701-07:00","@version":"1","message":"No active profile set, falling back to 1 default profile: \"default\"","logger_name":"com.sravanthi.logAnalytics.LogAnalyticsServiceApplication","thread_name":"main","level":"INFO","level_value":20000,"tags":["COMMONS-LOGGING"]}
{"@timestamp":"2026-09-12T17:49:07.324405-07:00","@version":"1","message":"Tomcat initialized with port 8080 (http)","logger_name":"org.springframework.boot.tomcat.TomcatWebServer","thread_name":"main","level":"INFO","level_value":20000,"tags":["COMMONS-LOGGING"]}
{"@timestamp":"2026-09-12T17:49:07.332909-07:00","@version":"1","message":"Initializing ProtocolHandler [\"http-nio-8080\"]","logger_name":"org.apache.coyote.http11.Http11NioProtocol","thread_name":"main","level":"INFO","level_value":20000}
{"@timestamp":"2026-09-12T17:49:07.333651-07:00","@version":"1","message":"Starting service [Tomcat]","logger_name":"org.apache.catalina.core.StandardService","thread_name":"main","level":"INFO","level_value":20000}
{"@timestamp":"2026-09-12T17:49:07.333813-07:00","@version":"1","message":"Starting Servlet engine: [Apache Tomcat/11.0.24]","logger_name":"org.apache.catalina.core.StandardEngine","thread_name":"main","level":"INFO","level_value":20000}
{"@timestamp":"2026-09-12T17:49:07.351579-07:00","@version":"1","message":"Root WebApplicationContext: initialization completed in 612 ms","logger_name":"org.springframework.boot.web.context.servlet.WebApplicationContextInitializer","thread_name":"main","level":"INFO","level_value":20000,"tags":["COMMONS-LOGGING"]}
{"@timestamp":"2026-09-12T17:49:07.571168-07:00","@version":"1","message":"Exposing 2 endpoints beneath base path '/actuator'","logger_name":"org.springframework.boot.actuate.endpoint.web.EndpointLinksResolver","thread_name":"main","level":"INFO","level_value":20000,"tags":["COMMONS-LOGGING"]}
{"@timestamp":"2026-09-12T17:49:07.588764-07:00","@version":"1","message":"Starting ProtocolHandler [\"http-nio-8080\"]","logger_name":"org.apache.coyote.http11.Http11NioProtocol","thread_name":"main","level":"INFO","level_value":20000}
{"@timestamp":"2026-09-12T17:49:07.601235-07:00","@version":"1","message":"Tomcat started on port 8080 (http) with context path '/'","logger_name":"org.springframework.boot.tomcat.TomcatWebServer","thread_name":"main","level":"INFO","level_value":20000,"tags":["COMMONS-LOGGING"]}
{"@timestamp":"2026-09-12T17:49:07.605134-07:00","@version":"1","message":"Started LogAnalyticsServiceApplication in 1.227 seconds (process running for 1.422)","logger_name":"com.sravanthi.logAnalytics.LogAnalyticsServiceApplication","thread_name":"main","level":"INFO","level_value":20000,"tags":["COMMONS-LOGGING"]}
{"@timestamp":"2026-09-12T17:49:10.903088-07:00","@version":"1","message":"Initializing Spring DispatcherServlet 'dispatcherServlet'","logger_name":"org.apache.catalina.core.ContainerBase.[Tomcat].[localhost].[/]","thread_name":"http-nio-8080-exec-1","level":"INFO","level_value":20000}
{"@timestamp":"2026-09-12T17:49:10.903382-07:00","@version":"1","message":"Initializing Servlet 'dispatcherServlet'","logger_name":"org.springframework.web.servlet.DispatcherServlet","thread_name":"http-nio-8080-exec-1","level":"INFO","level_value":20000,"tags":["COMMONS-LOGGING"]}
{"@timestamp":"2026-09-12T17:49:10.904211-07:00","@version":"1","message":"Completed initialization in 1 ms","logger_name":"org.springframework.web.servlet.DispatcherServlet","thread_name":"http-nio-8080-exec-1","level":"INFO","level_value":20000,"tags":["COMMONS-LOGGING"]}
{"@timestamp":"2026-09-12T17:49:10.926258-07:00","@version":"1","message":"Order processing started. Amount=7500.0","logger_name":"com.sravanthi.logAnalytics.Controller.LogGeneratorController","thread_name":"http-nio-8080-exec-1","level":"INFO","level_value":20000,"orderId":"ORD-TCP-002","correlationId":"c674ba35-92e8-4765-997c-12b5a1f96e59"}
{"@timestamp":"2026-09-12T17:49:10.926584-07:00","@version":"1","message":"High-value order detected. Amount=7500.0","logger_name":"com.sravanthi.logAnalytics.Controller.LogGeneratorController","thread_name":"http-nio-8080-exec-1","level":"WARN","level_value":30000,"orderId":"ORD-TCP-002","correlationId":"c674ba35-92e8-4765-997c-12b5a1f96e59"}
{"@timestamp":"2026-09-12T17:49:10.926664-07:00","@version":"1","message":"Order processed successfully. Amount=7500.0","logger_name":"com.sravanthi.logAnalytics.Controller.LogGeneratorController","thread_name":"http-nio-8080-exec-1","level":"INFO","level_value":20000,"orderId":"ORD-TCP-002","correlationId":"c674ba35-92e8-4765-997c-12b5a1f96e59"}
{"@timestamp":"2026-09-12T17:50:25.824987-07:00","@version":"1","message":"Order processing started. Amount=7500.0","logger_name":"com.sravanthi.logAnalytics.Controller.LogGeneratorController","thread_name":"http-nio-8080-exec-2","level":"INFO","level_value":20000,"orderId":"ORD-TCP-003","correlationId":"53b1a5e3-61c3-4ce4-8663-ad9e87268b27"}
{"@timestamp":"2026-09-12T17:50:25.827693-07:00","@version":"1","message":"High-value order detected. Amount=7500.0","logger_name":"com.sravanthi.logAnalytics.Controller.LogGeneratorController","thread_name":"http-nio-8080-exec-2","level":"WARN","level_value":30000,"orderId":"ORD-TCP-003","correlationId":"53b1a5e3-61c3-4ce4-8663-ad9e87268b27"}
{"@timestamp":"2026-09-12T17:50:25.827924-07:00","@version":"1","message":"Order processed successfully. Amount=7500.0","logger_name":"com.sravanthi.logAnalytics.Controller.LogGeneratorController","thread_name":"http-nio-8080-exec-2","level":"INFO","level_value":20000,"orderId":"ORD-TCP-003","correlationId":"53b1a5e3-61c3-4ce4-8663-ad9e87268b27"}
{"@timestamp":"2026-09-12T19:44:59.96711-07:00","@version":"1","message":"Commencing graceful shutdown. Waiting for active requests to complete","logger_name":"org.springframework.boot.tomcat.GracefulShutdown","thread_name":"SpringApplicationShutdownHook","level":"INFO","level_value":20000,"tags":["COMMONS-LOGGING"]}
{"@timestamp":"2026-09-12T19:44:59.97401-07:00","@version":"1","message":"Graceful shutdown complete","logger_name":"org.springframework.boot.tomcat.GracefulShutdown","thread_name":"tomcat-shutdown","level":"INFO","level_value":20000,"tags":["COMMONS-LOGGING"]}
{"@timestamp":"2026-09-12T19:45:02.123938-07:00","@version":"1","message":"HV000001: Hibernate Validator 9.1.3.Final","logger_name":"org.hibernate.validator.internal.util.Version","thread_name":"background-preinit","level":"INFO","level_value":20000}
{"@timestamp":"2026-09-12T19:45:02.159411-07:00","@version":"1","message":"Starting LogAnalyticsServiceApplication using Java 21.0.12.1 with PID 60585 (/Users/sravanthiediga/IdeaProjects/logAnalyticsService/target/classes started by sravanthiediga in /Users/sravanthiediga/IdeaProjects/logAnalyticsService)","logger_name":"com.sravanthi.logAnalytics.LogAnalyticsServiceApplication","thread_name":"main","level":"INFO","level_value":20000,"tags":["COMMONS-LOGGING"]}
{"@timestamp":"2026-09-12T19:45:02.160233-07:00","@version":"1","message":"No active profile set, falling back to 1 default profile: \"default\"","logger_name":"com.sravanthi.logAnalytics.LogAnalyticsServiceApplication","thread_name":"main","level":"INFO","level_value":20000,"tags":["COMMONS-LOGGING"]}
{"@timestamp":"2026-09-12T19:45:02.635341-07:00","@version":"1","message":"Tomcat initialized with port 8080 (http)","logger_name":"org.springframework.boot.tomcat.TomcatWebServer","thread_name":"main","level":"INFO","level_value":20000,"tags":["COMMONS-LOGGING"]}
{"@timestamp":"2026-09-12T19:45:02.666737-07:00","@version":"1","message":"Initializing ProtocolHandler [\"http-nio-8080\"]","logger_name":"org.apache.coyote.http11.Http11NioProtocol","thread_name":"main","level":"INFO","level_value":20000}
{"@timestamp":"2026-09-12T19:45:02.671131-07:00","@version":"1","message":"Starting service [Tomcat]","logger_name":"org.apache.catalina.core.StandardService","thread_name":"main","level":"INFO","level_value":20000}
{"@timestamp":"2026-09-12T19:45:02.671593-07:00","@version":"1","message":"Starting Servlet engine: [Apache Tomcat/11.0.24]","logger_name":"org.apache.catalina.core.StandardEngine","thread_name":"main","level":"INFO","level_value":20000}
{"@timestamp":"2026-09-12T19:45:02.738571-07:00","@version":"1","message":"Root WebApplicationContext: initialization completed in 559 ms","logger_name":"org.springframework.boot.web.context.servlet.WebApplicationContextInitializer","thread_name":"main","level":"INFO","level_value":20000,"tags":["COMMONS-LOGGING"]}
{"@timestamp":"2026-09-12T19:45:03.052686-07:00","@version":"1","message":"Exposing 2 endpoints beneath base path '/actuator'","logger_name":"org.springframework.boot.actuate.endpoint.web.EndpointLinksResolver","thread_name":"main","level":"INFO","level_value":20000,"tags":["COMMONS-LOGGING"]}
{"@timestamp":"2026-09-12T19:45:03.07358-07:00","@version":"1","message":"Starting ProtocolHandler [\"http-nio-8080\"]","logger_name":"org.apache.coyote.http11.Http11NioProtocol","thread_name":"main","level":"INFO","level_value":20000}
{"@timestamp":"2026-09-12T19:45:03.080803-07:00","@version":"1","message":"Tomcat started on port 8080 (http) with context path '/'","logger_name":"org.springframework.boot.tomcat.TomcatWebServer","thread_name":"main","level":"INFO","level_value":20000,"tags":["COMMONS-LOGGING"]}
{"@timestamp":"2026-09-12T19:45:03.08644-07:00","@version":"1","message":"Started LogAnalyticsServiceApplication in 1.282 seconds (process running for 1.486)","logger_name":"com.sravanthi.logAnalytics.LogAnalyticsServiceApplication","thread_name":"main","level":"INFO","level_value":20000,"tags":["COMMONS-LOGGING"]}
{"@timestamp":"2026-09-12T19:47:27.544841-07:00","@version":"1","message":"Commencing graceful shutdown. Waiting for active requests to complete","logger_name":"org.springframework.boot.tomcat.GracefulShutdown","thread_name":"SpringApplicationShutdownHook","level":"INFO","level_value":20000,"tags":["COMMONS-LOGGING"]}
{"@timestamp":"2026-09-12T19:47:27.553668-07:00","@version":"1","message":"Graceful shutdown complete","logger_name":"org.springframework.boot.tomcat.GracefulShutdown","thread_name":"tomcat-shutdown","level":"INFO","level_value":20000,"tags":["COMMONS-LOGGING"]}
{"@timestamp":"2026-09-12T19:47:52.54698-07:00","@version":"1","message":"HV000001: Hibernate Validator 9.1.3.Final","logger_name":"org.hibernate.validator.internal.util.Version","thread_name":"background-preinit","level":"INFO","level_value":20000}
{"@timestamp":"2026-09-12T19:47:52.55651-07:00","@version":"1","message":"Starting LogAnalyticsServiceApplicationTests using Java 25.0.1 with PID 60683 (started by sravanthiediga in /Users/sravanthiediga/IdeaProjects/logAnalyticsService)","logger_name":"com.sravanthi.logAnalytics.LogAnalyticsServiceApplicationTests","thread_name":"main","level":"INFO","level_value":20000,"tags":["COMMONS-LOGGING"]}
{"@timestamp":"2026-09-12T19:47:52.55743-07:00","@version":"1","message":"No active profile set, falling back to 1 default profile: \"default\"","logger_name":"com.sravanthi.logAnalytics.LogAnalyticsServiceApplicationTests","thread_name":"main","level":"INFO","level_value":20000,"tags":["COMMONS-LOGGING"]}
{"@timestamp":"2026-09-12T19:47:53.398636-07:00","@version":"1","message":"Exposing 2 endpoints beneath base path '/actuator'","logger_name":"org.springframework.boot.actuate.endpoint.web.EndpointLinksResolver","thread_name":"main","level":"INFO","level_value":20000,"tags":["COMMONS-LOGGING"]}
{"@timestamp":"2026-09-12T19:47:53.425671-07:00","@version":"1","message":"Started LogAnalyticsServiceApplicationTests in 1.112 seconds (process running for 1.552)","logger_name":"com.sravanthi.logAnalytics.LogAnalyticsServiceApplicationTests","thread_name":"main","level":"INFO","level_value":20000,"tags":["COMMONS-LOGGING"]}
{"@timestamp":"2026-09-12T19:47:57.940815-07:00","@version":"1","message":"HV000001: Hibernate Validator 9.1.3.Final","logger_name":"org.hibernate.validator.internal.util.Version","thread_name":"background-preinit","level":"INFO","level_value":20000}
{"@timestamp":"2026-09-12T19:47:57.964834-07:00","@version":"1","message":"Starting LogAnalyticsServiceApplication using Java 21.0.12.1 with PID 60704 (/Users/sravanthiediga/IdeaProjects/logAnalyticsService/target/classes started by sravanthiediga in /Users/sravanthiediga/IdeaProjects/logAnalyticsService)","logger_name":"com.sravanthi.logAnalytics.LogAnalyticsServiceApplication","thread_name":"main","level":"INFO","level_value":20000,"tags":["COMMONS-LOGGING"]}
{"@timestamp":"2026-09-12T19:47:57.96558-07:00","@version":"1","message":"No active profile set, falling back to 1 default profile: \"default\"","logger_name":"com.sravanthi.logAnalytics.LogAnalyticsServiceApplication","thread_name":"main","level":"INFO","level_value":20000,"tags":["COMMONS-LOGGING"]}
{"@timestamp":"2026-09-12T19:47:58.362899-07:00","@version":"1","message":"Tomcat initialized with port 8080 (http)","logger_name":"org.springframework.boot.tomcat.TomcatWebServer","thread_name":"main","level":"INFO","level_value":20000,"tags":["COMMONS-LOGGING"]}
{"@timestamp":"2026-09-12T19:47:58.368312-07:00","@version":"1","message":"Initializing ProtocolHandler [\"http-nio-8080\"]","logger_name":"org.apache.coyote.http11.Http11NioProtocol","thread_name":"main","level":"INFO","level_value":20000}
{"@timestamp":"2026-09-12T19:47:58.368939-07:00","@version":"1","message":"Starting service [Tomcat]","logger_name":"org.apache.catalina.core.StandardService","thread_name":"main","level":"INFO","level_value":20000}
{"@timestamp":"2026-09-12T19:47:58.369071-07:00","@version":"1","message":"Starting Servlet engine: [Apache Tomcat/11.0.24]","logger_name":"org.apache.catalina.core.StandardEngine","thread_name":"main","level":"INFO","level_value":20000}
{"@timestamp":"2026-09-12T19:47:58.395145-07:00","@version":"1","message":"Root WebApplicationContext: initialization completed in 414 ms","logger_name":"org.springframework.boot.web.context.servlet.WebApplicationContextInitializer","thread_name":"main","level":"INFO","level_value":20000,"tags":["COMMONS-LOGGING"]}
{"@timestamp":"2026-09-12T19:47:58.812511-07:00","@version":"1","message":"Exposing 2 endpoints beneath base path '/actuator'","logger_name":"org.springframework.boot.actuate.endpoint.web.EndpointLinksResolver","thread_name":"main","level":"INFO","level_value":20000,"tags":["COMMONS-LOGGING"]}
{"@timestamp":"2026-09-12T19:47:58.829086-07:00","@version":"1","message":"Starting ProtocolHandler [\"http-nio-8080\"]","logger_name":"org.apache.coyote.http11.Http11NioProtocol","thread_name":"main","level":"INFO","level_value":20000}
{"@timestamp":"2026-09-12T19:47:58.835061-07:00","@version":"1","message":"Tomcat started on port 8080 (http) with context path '/'","logger_name":"org.springframework.boot.tomcat.TomcatWebServer","thread_name":"main","level":"INFO","level_value":20000,"tags":["COMMONS-LOGGING"]}
{"@timestamp":"2026-09-12T19:47:58.839211-07:00","@version":"1","message":"Started LogAnalyticsServiceApplication in 1.171 seconds (process running for 1.356)","logger_name":"com.sravanthi.logAnalytics.LogAnalyticsServiceApplication","thread_name":"main","level":"INFO","level_value":20000,"tags":["COMMONS-LOGGING"]}
{"@timestamp":"2026-09-12T19:48:04.039168-07:00","@version":"1","message":"Initializing Spring DispatcherServlet 'dispatcherServlet'","logger_name":"org.apache.catalina.core.ContainerBase.[Tomcat].[localhost].[/]","thread_name":"http-nio-8080-exec-1","level":"INFO","level_value":20000}
{"@timestamp":"2026-09-12T19:48:04.039493-07:00","@version":"1","message":"Initializing Servlet 'dispatcherServlet'","logger_name":"org.springframework.web.servlet.DispatcherServlet","thread_name":"http-nio-8080-exec-1","level":"INFO","level_value":20000,"tags":["COMMONS-LOGGING"]}
{"@timestamp":"2026-09-12T19:48:04.040353-07:00","@version":"1","message":"Completed initialization in 1 ms","logger_name":"org.springframework.web.servlet.DispatcherServlet","thread_name":"http-nio-8080-exec-1","level":"INFO","level_value":20000,"tags":["COMMONS-LOGGING"]}
{"@timestamp":"2026-09-12T19:50:05.871153-07:00","@version":"1","message":"Commencing graceful shutdown. Waiting for active requests to complete","logger_name":"org.springframework.boot.tomcat.GracefulShutdown","thread_name":"SpringApplicationShutdownHook","level":"INFO","level_value":20000,"tags":["COMMONS-LOGGING"]}
{"@timestamp":"2026-09-12T19:50:05.87824-07:00","@version":"1","message":"Graceful shutdown complete","logger_name":"org.springframework.boot.tomcat.GracefulShutdown","thread_name":"tomcat-shutdown","level":"INFO","level_value":20000,"tags":["COMMONS-LOGGING"]}
{"@timestamp":"2026-09-12T19:50:57.250235-07:00","@version":"1","message":"HV000001: Hibernate Validator 9.1.3.Final","logger_name":"org.hibernate.validator.internal.util.Version","thread_name":"background-preinit","level":"INFO","level_value":20000}
{"@timestamp":"2026-09-12T19:50:57.261257-07:00","@version":"1","message":"Starting LogAnalyticsServiceApplicationTests using Java 25.0.1 with PID 60802 (started by sravanthiediga in /Users/sravanthiediga/IdeaProjects/logAnalyticsService)","logger_name":"com.sravanthi.logAnalytics.LogAnalyticsServiceApplicationTests","thread_name":"main","level":"INFO","level_value":20000,"tags":["COMMONS-LOGGING"]}
{"@timestamp":"2026-09-12T19:50:57.262274-07:00","@version":"1","message":"No active profile set, falling back to 1 default profile: \"default\"","logger_name":"com.sravanthi.logAnalytics.LogAnalyticsServiceApplicationTests","thread_name":"main","level":"INFO","level_value":20000,"tags":["COMMONS-LOGGING"]}
{"@timestamp":"2026-09-12T19:50:58.081857-07:00","@version":"1","message":"Exposing 2 endpoints beneath base path '/actuator'","logger_name":"org.springframework.boot.actuate.endpoint.web.EndpointLinksResolver","thread_name":"main","level":"INFO","level_value":20000,"tags":["COMMONS-LOGGING"]}
{"@timestamp":"2026-09-12T19:50:58.106287-07:00","@version":"1","message":"Started LogAnalyticsServiceApplicationTests in 1.081 seconds (process running for 1.584)","logger_name":"com.sravanthi.logAnalytics.LogAnalyticsServiceApplicationTests","thread_name":"main","level":"INFO","level_value":20000,"tags":["COMMONS-LOGGING"]}
{"@timestamp":"2026-09-12T19:51:02.539883-07:00","@version":"1","message":"HV000001: Hibernate Validator 9.1.3.Final","logger_name":"org.hibernate.validator.internal.util.Version","thread_name":"background-preinit","level":"INFO","level_value":20000}
{"@timestamp":"2026-09-12T19:51:02.564933-07:00","@version":"1","message":"Starting LogAnalyticsServiceApplication using Java 21.0.12.1 with PID 60817 (/Users/sravanthiediga/IdeaProjects/logAnalyticsService/target/classes started by sravanthiediga in /Users/sravanthiediga/IdeaProjects/logAnalyticsService)","logger_name":"com.sravanthi.logAnalytics.LogAnalyticsServiceApplication","thread_name":"main","level":"INFO","level_value":20000,"tags":["COMMONS-LOGGING"]}
{"@timestamp":"2026-09-12T19:51:02.566009-07:00","@version":"1","message":"No active profile set, falling back to 1 default profile: \"default\"","logger_name":"com.sravanthi.logAnalytics.LogAnalyticsServiceApplication","thread_name":"main","level":"INFO","level_value":20000,"tags":["COMMONS-LOGGING"]}
{"@timestamp":"2026-09-12T19:51:02.975261-07:00","@version":"1","message":"Tomcat initialized with port 8080 (http)","logger_name":"org.springframework.boot.tomcat.TomcatWebServer","thread_name":"main","level":"INFO","level_value":20000,"tags":["COMMONS-LOGGING"]}
{"@timestamp":"2026-09-12T19:51:02.984188-07:00","@version":"1","message":"Initializing ProtocolHandler [\"http-nio-8080\"]","logger_name":"org.apache.coyote.http11.Http11NioProtocol","thread_name":"main","level":"INFO","level_value":20000}
{"@timestamp":"2026-09-12T19:51:02.984908-07:00","@version":"1","message":"Starting service [Tomcat]","logger_name":"org.apache.catalina.core.StandardService","thread_name":"main","level":"INFO","level_value":20000}
{"@timestamp":"2026-09-12T19:51:02.985037-07:00","@version":"1","message":"Starting Servlet engine: [Apache Tomcat/11.0.24]","logger_name":"org.apache.catalina.core.StandardEngine","thread_name":"main","level":"INFO","level_value":20000}
{"@timestamp":"2026-09-12T19:51:03.007001-07:00","@version":"1","message":"Root WebApplicationContext: initialization completed in 424 ms","logger_name":"org.springframework.boot.web.context.servlet.WebApplicationContextInitializer","thread_name":"main","level":"INFO","level_value":20000,"tags":["COMMONS-LOGGING"]}
{"@timestamp":"2026-09-12T19:51:03.376691-07:00","@version":"1","message":"Exposing 2 endpoints beneath base path '/actuator'","logger_name":"org.springframework.boot.actuate.endpoint.web.EndpointLinksResolver","thread_name":"main","level":"INFO","level_value":20000,"tags":["COMMONS-LOGGING"]}
{"@timestamp":"2026-09-12T19:51:03.393091-07:00","@version":"1","message":"Starting ProtocolHandler [\"http-nio-8080\"]","logger_name":"org.apache.coyote.http11.Http11NioProtocol","thread_name":"main","level":"INFO","level_value":20000}
{"@timestamp":"2026-09-12T19:51:03.398397-07:00","@version":"1","message":"Tomcat started on port 8080 (http) with context path '/'","logger_name":"org.springframework.boot.tomcat.TomcatWebServer","thread_name":"main","level":"INFO","level_value":20000,"tags":["COMMONS-LOGGING"]}
{"@timestamp":"2026-09-12T19:51:03.401855-07:00","@version":"1","message":"Started LogAnalyticsServiceApplication in 1.131 seconds (process running for 1.302)","logger_name":"com.sravanthi.logAnalytics.LogAnalyticsServiceApplication","thread_name":"main","level":"INFO","level_value":20000,"tags":["COMMONS-LOGGING"]}
{"@timestamp":"2026-09-12T19:51:15.382973-07:00","@version":"1","message":"Initializing Spring DispatcherServlet 'dispatcherServlet'","logger_name":"org.apache.catalina.core.ContainerBase.[Tomcat].[localhost].[/]","thread_name":"http-nio-8080-exec-1","level":"INFO","level_value":20000}
{"@timestamp":"2026-09-12T19:51:15.383265-07:00","@version":"1","message":"Initializing Servlet 'dispatcherServlet'","logger_name":"org.springframework.web.servlet.DispatcherServlet","thread_name":"http-nio-8080-exec-1","level":"INFO","level_value":20000,"tags":["COMMONS-LOGGING"]}
{"@timestamp":"2026-09-12T19:51:15.384173-07:00","@version":"1","message":"Completed initialization in 1 ms","logger_name":"org.springframework.web.servlet.DispatcherServlet","thread_name":"http-nio-8080-exec-1","level":"INFO","level_value":20000,"tags":["COMMONS-LOGGING"]}
{"@timestamp":"2026-09-12T19:51:15.431646-07:00","@version":"1","message":"Servlet.service() for servlet [dispatcherServlet] in context with path [] threw exception [Request processing failed: software.amazon.awssdk.core.exception.SdkClientException: Unable to load credentials from any of the providers in the chain AwsCredentialsProviderChain(credentialsProviders=[SystemPropertyCredentialsProvider(), EnvironmentVariableCredentialsProvider(), WebIdentityTokenCredentialsProvider(), ProfileCredentialsProvider(profileName=default, profileFile=ProfileFile(sections=[])), ContainerCredentialsProvider(), InstanceProfileCredentialsProvider()]) : [SystemPropertyCredentialsProvider(): Unable to load credentials from system settings. Access key must be specified either via environment variable (AWS_ACCESS_KEY_ID) or system property (aws.accessKeyId)., EnvironmentVariableCredentialsProvider(): Unable to load credentials from system settings. Secret key must be specified either via environment variable (AWS_SECRET_ACCESS_KEY) or system property (aws.secretAccessKey)., WebIdentityTokenCredentialsProvider(): Either the environment variable AWS_WEB_IDENTITY_TOKEN_FILE or the javaproperty aws.webIdentityTokenFile must be set., ProfileCredentialsProvider(profileName=default, profileFile=ProfileFile(sections=[])): Profile file contained no credentials for profile 'default': ProfileFile(sections=[]), ContainerCredentialsProvider(): Cannot fetch credentials from container - neither AWS_CONTAINER_CREDENTIALS_FULL_URI or AWS_CONTAINER_CREDENTIALS_RELATIVE_URI environment variables are set., InstanceProfileCredentialsProvider(): Failed to load credentials from IMDS.]] with root cause","logger_name":"org.apache.catalina.core.ContainerBase.[Tomcat].[localhost].[/].[dispatcherServlet]","thread_name":"http-nio-8080-exec-1","level":"ERROR","level_value":40000,"stack_trace":"software.amazon.awssdk.core.exception.SdkClientException: Unable to load credentials from any of the providers in the chain AwsCredentialsProviderChain(credentialsProviders=[SystemPropertyCredentialsProvider(), EnvironmentVariableCredentialsProvider(), WebIdentityTokenCredentialsProvider(), ProfileCredentialsProvider(profileName=default, profileFile=ProfileFile(sections=[])), ContainerCredentialsProvider(), InstanceProfileCredentialsProvider()]) : [SystemPropertyCredentialsProvider(): Unable to load credentials from system settings. Access key must be specified either via environment variable (AWS_ACCESS_KEY_ID) or system property (aws.accessKeyId)., EnvironmentVariableCredentialsProvider(): Unable to load credentials from system settings. Secret key must be specified either via environment variable (AWS_SECRET_ACCESS_KEY) or system property (aws.secretAccessKey)., WebIdentityTokenCredentialsProvider(): Either the environment variable AWS_WEB_IDENTITY_TOKEN_FILE or the javaproperty aws.webIdentityTokenFile must be set., ProfileCredentialsProvider(profileName=default, profileFile=ProfileFile(sections=[])): Profile file contained no credentials for profile 'default': ProfileFile(sections=[]), ContainerCredentialsProvider(): Cannot fetch credentials from container - neither AWS_CONTAINER_CREDENTIALS_FULL_URI or AWS_CONTAINER_CREDENTIALS_RELATIVE_URI environment variables are set., InstanceProfileCredentialsProvider(): Failed to load credentials from IMDS.]\n\tat software.amazon.awssdk.core.exception.SdkClientException$BuilderImpl.build(SdkClientException.java:130)\n\tat software.amazon.awssdk.auth.credentials.AwsCredentialsProviderChain.resolveCredentials(AwsCredentialsProviderChain.java:130)\n\tat software.amazon.awssdk.auth.credentials.internal.LazyAwsCredentialsProvider.resolveCredentials(LazyAwsCredentialsProvider.java:45)\n\tat software.amazon.awssdk.auth.credentials.DefaultCredentialsProvider.resolveCredentials(DefaultCredentialsProvider.java:134)\n\tat software.amazon.awssdk.auth.credentials.AwsCredentialsProvider.resolveIdentity(AwsCredentialsProvider.java:54)\n\tat software.amazon.awssdk.services.athena.auth.scheme.internal.AthenaAuthSchemeInterceptor.lambda$trySelectAuthScheme$4(AthenaAuthSchemeInterceptor.java:134)\n\tat software.amazon.awssdk.core.internal.util.MetricUtils.reportDuration(MetricUtils.java:80)\n\tat software.amazon.awssdk.services.athena.auth.scheme.internal.AthenaAuthSchemeInterceptor.trySelectAuthScheme(AthenaAuthSchemeInterceptor.java:134)\n\tat software.amazon.awssdk.services.athena.auth.scheme.internal.AthenaAuthSchemeInterceptor.selectAuthScheme(AthenaAuthSchemeInterceptor.java:81)\n\tat software.amazon.awssdk.services.athena.auth.scheme.internal.AthenaAuthSchemeInterceptor.beforeExecution(AthenaAuthSchemeInterceptor.java:61)\n\tat software.amazon.awssdk.core.interceptor.ExecutionInterceptorChain.lambda$beforeExecution$1(ExecutionInterceptorChain.java:59)\n\tat java.base/java.util.ArrayList.forEach(ArrayList.java:1596)\n\tat software.amazon.awssdk.core.interceptor.ExecutionInterceptorChain.beforeExecution(ExecutionInterceptorChain.java:59)\n\tat software.amazon.awssdk.awscore.internal.AwsExecutionContextBuilder.runInitialInterceptors(AwsExecutionContextBuilder.java:315)\n\tat software.amazon.awssdk.awscore.internal.AwsExecutionContextBuilder.invokeInterceptorsAndCreateExecutionContext(AwsExecutionContextBuilder.java:151)\n\tat software.amazon.awssdk.awscore.client.handler.AwsSyncClientHandler.invokeInterceptorsAndCreateExecutionContext(AwsSyncClientHandler.java:67)\n\tat software.amazon.awssdk.core.internal.handler.BaseSyncClientHandler.lambda$execute$1(BaseSyncClientHandler.java:76)\n\tat software.amazon.awssdk.core.internal.handler.BaseSyncClientHandler.measureApiCallSuccess(BaseSyncClientHandler.java:182)\n\tat software.amazon.awssdk.core.internal.handler.BaseSyncClientHandler.execute(BaseSyncClientHandler.java:74)\n\tat software.amazon.awssdk.core.client.handler.SdkSyncClientHandler.execute(SdkSyncClientHandler.java:45)\n\tat software.amazon.awssdk.awscore.client.handler.AwsSyncClientHandler.execute(AwsSyncClientHandler.java:53)\n\tat software.amazon.awssdk.services.athena.DefaultAthenaClient.startQueryExecution(DefaultAthenaClient.java:4936)\n\tat com.sravanthi.logAnalytics.service.AthenaQueryService.startQuery(AthenaQueryService.java:75)\n\tat com.sravanthi.logAnalytics.service.AthenaQueryService.findLogs(AthenaQueryService.java:55)\n\tat com.sravanthi.logAnalytics.controller.AthenaController.findLogs(AthenaController.java:29)\n\tat java.base/jdk.internal.reflect.DirectMethodHandleAccessor.invoke(DirectMethodHandleAccessor.java:103)\n\tat java.base/java.lang.reflect.Method.invoke(Method.java:580)\n\tat org.springframework.web.method.support.InvocableHandlerMethod.doInvoke(InvocableHandlerMethod.java:252)\n\tat org.springframework.web.method.support.InvocableHandlerMethod.invokeForRequest(InvocableHandlerMethod.java:184)\n\tat org.springframework.web.servlet.mvc.method.annotation.ServletInvocableHandlerMethod.invokeAndHandle(ServletInvocableHandlerMethod.java:117)\n\tat org.springframework.web.servlet.mvc.method.annotation.RequestMappingHandlerAdapter.invokeHandlerMethod(RequestMappingHandlerAdapter.java:934)\n\tat org.springframework.web.servlet.mvc.method.annotation.RequestMappingHandlerAdapter.handleInternal(RequestMappingHandlerAdapter.java:853)\n\tat org.springframework.web.servlet.mvc.method.AbstractHandlerMethodAdapter.handle(AbstractHandlerMethodAdapter.java:86)\n\tat org.springframework.web.servlet.DispatcherServlet.doDispatch(DispatcherServlet.java:963)\n\tat org.springframework.web.servlet.DispatcherServlet.doService(DispatcherServlet.java:866)\n\tat org.springframework.web.servlet.FrameworkServlet.processRequest(FrameworkServlet.java:1000)\n\tat org.springframework.web.servlet.FrameworkServlet.doGet(FrameworkServlet.java:892)\n\tat jakarta.servlet.http.HttpServlet.service(HttpServlet.java:622)\n\tat org.springframework.web.servlet.FrameworkServlet.service(FrameworkServlet.java:874)\n\tat jakarta.servlet.http.HttpServlet.service(HttpServlet.java:710)\n\tat org.apache.catalina.core.ApplicationFilterChain.doFilter(ApplicationFilterChain.java:132)\n\tat org.apache.tomcat.websocket.server.WsFilter.doFilter(WsFilter.java:59)\n\tat org.apache.catalina.core.ApplicationFilterChain.doFilter(ApplicationFilterChain.java:111)\n\tat org.springframework.web.filter.RequestContextFilter.doFilterInternal(RequestContextFilter.java:100)\n\tat org.springframework.web.filter.OncePerRequestFilter.doFilter(OncePerRequestFilter.java:116)\n\tat org.apache.catalina.core.ApplicationFilterChain.doFilter(ApplicationFilterChain.java:111)\n\tat org.springframework.web.filter.FormContentFilter.doFilterInternal(FormContentFilter.java:93)\n\tat org.springframework.web.filter.OncePerRequestFilter.doFilter(OncePerRequestFilter.java:116)\n\tat org.apache.catalina.core.ApplicationFilterChain.doFilter(ApplicationFilterChain.java:111)\n\tat org.springframework.web.filter.ServerHttpObservationFilter.doFilterInternal(ServerHttpObservationFilter.java:110)\n\tat org.springframework.web.filter.OncePerRequestFilter.doFilter(OncePerRequestFilter.java:116)\n\tat org.apache.catalina.core.ApplicationFilterChain.doFilter(ApplicationFilterChain.java:111)\n\tat org.springframework.web.filter.CharacterEncodingFilter.doFilterInternal(CharacterEncodingFilter.java:199)\n\tat org.springframework.web.filter.OncePerRequestFilter.doFilter(OncePerRequestFilter.java:116)\n\tat org.apache.catalina.core.ApplicationFilterChain.doFilter(ApplicationFilterChain.java:111)\n\tat org.apache.catalina.core.StandardWrapperValve.invoke(StandardWrapperValve.java:165)\n\tat org.apache.catalina.core.StandardContextValve.invoke(StandardContextValve.java:77)\n\tat org.apache.catalina.authenticator.AuthenticatorBase.invoke(AuthenticatorBase.java:535)\n\tat org.apache.catalina.core.StandardHostValve.invoke(StandardHostValve.java:115)\n\tat org.apache.catalina.valves.ErrorReportValve.invoke(ErrorReportValve.java:86)\n\tat org.apache.catalina.core.StandardEngineValve.invoke(StandardEngineValve.java:71)\n\tat org.apache.catalina.connector.CoyoteAdapter.service(CoyoteAdapter.java:347)\n\tat org.apache.coyote.http11.Http11Processor.service(Http11Processor.java:406)\n\tat org.apache.coyote.AbstractProcessorLight.process(AbstractProcessorLight.java:71)\n\tat org.apache.coyote.AbstractProtocol$ConnectionHandler.process(AbstractProtocol.java:1307)\n\tat org.apache.tomcat.util.net.NioEndpoint$SocketProcessor.doRun(NioEndpoint.java:2036)\n\tat org.apache.tomcat.util.net.SocketProcessorBase.run(SocketProcessorBase.java:74)\n\tat org.apache.tomcat.util.threads.ThreadPoolExecutor.runWorker(ThreadPoolExecutor.java:949)\n\tat org.apache.tomcat.util.threads.ThreadPoolExecutor$Worker.run(ThreadPoolExecutor.java:483)\n\tat org.apache.tomcat.util.threads.TaskThread$WrappingRunnable.run(TaskThread.java:74)\n\tat java.base/java.lang.Thread.run(Thread.java:1583)\n"}
{"@timestamp":"2026-09-12T19:51:47.063893-07:00","@version":"1","message":"Servlet.service() for servlet [dispatcherServlet] in context with path [] threw exception [Request processing failed: software.amazon.awssdk.core.exception.SdkClientException: Unable to load credentials from any of the providers in the chain AwsCredentialsProviderChain(credentialsProviders=[SystemPropertyCredentialsProvider(), EnvironmentVariableCredentialsProvider(), WebIdentityTokenCredentialsProvider(), ProfileCredentialsProvider(profileName=default, profileFile=ProfileFile(sections=[])), ContainerCredentialsProvider(), InstanceProfileCredentialsProvider()]) : [SystemPropertyCredentialsProvider(): Unable to load credentials from system settings. Access key must be specified either via environment variable (AWS_ACCESS_KEY_ID) or system property (aws.accessKeyId)., EnvironmentVariableCredentialsProvider(): Unable to load credentials from system settings. Secret key must be specified either via environment variable (AWS_SECRET_ACCESS_KEY) or system property (aws.secretAccessKey)., WebIdentityTokenCredentialsProvider(): Either the environment variable AWS_WEB_IDENTITY_TOKEN_FILE or the javaproperty aws.webIdentityTokenFile must be set., ProfileCredentialsProvider(profileName=default, profileFile=ProfileFile(sections=[])): Profile file contained no credentials for profile 'default': ProfileFile(sections=[]), ContainerCredentialsProvider(): Cannot fetch credentials from container - neither AWS_CONTAINER_CREDENTIALS_FULL_URI or AWS_CONTAINER_CREDENTIALS_RELATIVE_URI environment variables are set., InstanceProfileCredentialsProvider(): Failed to load credentials from IMDS.]] with root cause","logger_name":"org.apache.catalina.core.ContainerBase.[Tomcat].[localhost].[/].[dispatcherServlet]","thread_name":"http-nio-8080-exec-2","level":"ERROR","level_value":40000,"stack_trace":"software.amazon.awssdk.core.exception.SdkClientException: Unable to load credentials from any of the providers in the chain AwsCredentialsProviderChain(credentialsProviders=[SystemPropertyCredentialsProvider(), EnvironmentVariableCredentialsProvider(), WebIdentityTokenCredentialsProvider(), ProfileCredentialsProvider(profileName=default, profileFile=ProfileFile(sections=[])), ContainerCredentialsProvider(), InstanceProfileCredentialsProvider()]) : [SystemPropertyCredentialsProvider(): Unable to load credentials from system settings. Access key must be specified either via environment variable (AWS_ACCESS_KEY_ID) or system property (aws.accessKeyId)., EnvironmentVariableCredentialsProvider(): Unable to load credentials from system settings. Secret key must be specified either via environment variable (AWS_SECRET_ACCESS_KEY) or system property (aws.secretAccessKey)., WebIdentityTokenCredentialsProvider(): Either the environment variable AWS_WEB_IDENTITY_TOKEN_FILE or the javaproperty aws.webIdentityTokenFile must be set., ProfileCredentialsProvider(profileName=default, profileFile=ProfileFile(sections=[])): Profile file contained no credentials for profile 'default': ProfileFile(sections=[]), ContainerCredentialsProvider(): Cannot fetch credentials from container - neither AWS_CONTAINER_CREDENTIALS_FULL_URI or AWS_CONTAINER_CREDENTIALS_RELATIVE_URI environment variables are set., InstanceProfileCredentialsProvider(): Failed to load credentials from IMDS.]\n\tat software.amazon.awssdk.core.exception.SdkClientException$BuilderImpl.build(SdkClientException.java:130)\n\tat software.amazon.awssdk.auth.credentials.AwsCredentialsProviderChain.resolveCredentials(AwsCredentialsProviderChain.java:130)\n\tat software.amazon.awssdk.auth.credentials.internal.LazyAwsCredentialsProvider.resolveCredentials(LazyAwsCredentialsProvider.java:45)\n\tat software.amazon.awssdk.auth.credentials.DefaultCredentialsProvider.resolveCredentials(DefaultCredentialsProvider.java:134)\n\tat software.amazon.awssdk.auth.credentials.AwsCredentialsProvider.resolveIdentity(AwsCredentialsProvider.java:54)\n\tat software.amazon.awssdk.services.athena.auth.scheme.internal.AthenaAuthSchemeInterceptor.lambda$trySelectAuthScheme$4(AthenaAuthSchemeInterceptor.java:134)\n\tat software.amazon.awssdk.core.internal.util.MetricUtils.reportDuration(MetricUtils.java:80)\n\tat software.amazon.awssdk.services.athena.auth.scheme.internal.AthenaAuthSchemeInterceptor.trySelectAuthScheme(AthenaAuthSchemeInterceptor.java:134)\n\tat software.amazon.awssdk.services.athena.auth.scheme.internal.AthenaAuthSchemeInterceptor.selectAuthScheme(AthenaAuthSchemeInterceptor.java:81)\n\tat software.amazon.awssdk.services.athena.auth.scheme.internal.AthenaAuthSchemeInterceptor.beforeExecution(AthenaAuthSchemeInterceptor.java:61)\n\tat software.amazon.awssdk.core.interceptor.ExecutionInterceptorChain.lambda$beforeExecution$1(ExecutionInterceptorChain.java:59)\n\tat java.base/java.util.ArrayList.forEach(ArrayList.java:1596)\n\tat software.amazon.awssdk.core.interceptor.ExecutionInterceptorChain.beforeExecution(ExecutionInterceptorChain.java:59)\n\tat software.amazon.awssdk.awscore.internal.AwsExecutionContextBuilder.runInitialInterceptors(AwsExecutionContextBuilder.java:315)\n\tat software.amazon.awssdk.awscore.internal.AwsExecutionContextBuilder.invokeInterceptorsAndCreateExecutionContext(AwsExecutionContextBuilder.java:151)\n\tat software.amazon.awssdk.awscore.client.handler.AwsSyncClientHandler.invokeInterceptorsAndCreateExecutionContext(AwsSyncClientHandler.java:67)\n\tat software.amazon.awssdk.core.internal.handler.BaseSyncClientHandler.lambda$execute$1(BaseSyncClientHandler.java:76)\n\tat software.amazon.awssdk.core.internal.handler.BaseSyncClientHandler.measureApiCallSuccess(BaseSyncClientHandler.java:182)\n\tat software.amazon.awssdk.core.internal.handler.BaseSyncClientHandler.execute(BaseSyncClientHandler.java:74)\n\tat software.amazon.awssdk.core.client.handler.SdkSyncClientHandler.execute(SdkSyncClientHandler.java:45)\n\tat software.amazon.awssdk.awscore.client.handler.AwsSyncClientHandler.execute(AwsSyncClientHandler.java:53)\n\tat software.amazon.awssdk.services.athena.DefaultAthenaClient.startQueryExecution(DefaultAthenaClient.java:4936)\n\tat com.sravanthi.logAnalytics.service.AthenaQueryService.startQuery(AthenaQueryService.java:75)\n\tat com.sravanthi.logAnalytics.service.AthenaQueryService.findLogs(AthenaQueryService.java:55)\n\tat com.sravanthi.logAnalytics.controller.AthenaController.findLogs(AthenaController.java:29)\n\tat java.base/jdk.internal.reflect.DirectMethodHandleAccessor.invoke(DirectMethodHandleAccessor.java:103)\n\tat java.base/java.lang.reflect.Method.invoke(Method.java:580)\n\tat org.springframework.web.method.support.InvocableHandlerMethod.doInvoke(InvocableHandlerMethod.java:252)\n\tat org.springframework.web.method.support.InvocableHandlerMethod.invokeForRequest(InvocableHandlerMethod.java:184)\n\tat org.springframework.web.servlet.mvc.method.annotation.ServletInvocableHandlerMethod.invokeAndHandle(ServletInvocableHandlerMethod.java:117)\n\tat org.springframework.web.servlet.mvc.method.annotation.RequestMappingHandlerAdapter.invokeHandlerMethod(RequestMappingHandlerAdapter.java:934)\n\tat org.springframework.web.servlet.mvc.method.annotation.RequestMappingHandlerAdapter.handleInternal(RequestMappingHandlerAdapter.java:853)\n\tat org.springframework.web.servlet.mvc.method.AbstractHandlerMethodAdapter.handle(AbstractHandlerMethodAdapter.java:86)\n\tat org.springframework.web.servlet.DispatcherServlet.doDispatch(DispatcherServlet.java:963)\n\tat org.springframework.web.servlet.DispatcherServlet.doService(DispatcherServlet.java:866)\n\tat org.springframework.web.servlet.FrameworkServlet.processRequest(FrameworkServlet.java:1000)\n\tat org.springframework.web.servlet.FrameworkServlet.doGet(FrameworkServlet.java:892)\n\tat jakarta.servlet.http.HttpServlet.service(HttpServlet.java:622)\n\tat org.springframework.web.servlet.FrameworkServlet.service(FrameworkServlet.java:874)\n\tat jakarta.servlet.http.HttpServlet.service(HttpServlet.java:710)\n\tat org.apache.catalina.core.ApplicationFilterChain.doFilter(ApplicationFilterChain.java:132)\n\tat org.apache.tomcat.websocket.server.WsFilter.doFilter(WsFilter.java:59)\n\tat org.apache.catalina.core.ApplicationFilterChain.doFilter(ApplicationFilterChain.java:111)\n\tat org.springframework.web.filter.RequestContextFilter.doFilterInternal(RequestContextFilter.java:100)\n\tat org.springframework.web.filter.OncePerRequestFilter.doFilter(OncePerRequestFilter.java:116)\n\tat org.apache.catalina.core.ApplicationFilterChain.doFilter(ApplicationFilterChain.java:111)\n\tat org.springframework.web.filter.FormContentFilter.doFilterInternal(FormContentFilter.java:93)\n\tat org.springframework.web.filter.OncePerRequestFilter.doFilter(OncePerRequestFilter.java:116)\n\tat org.apache.catalina.core.ApplicationFilterChain.doFilter(ApplicationFilterChain.java:111)\n\tat org.springframework.web.filter.ServerHttpObservationFilter.doFilterInternal(ServerHttpObservationFilter.java:110)\n\tat org.springframework.web.filter.OncePerRequestFilter.doFilter(OncePerRequestFilter.java:116)\n\tat org.apache.catalina.core.ApplicationFilterChain.doFilter(ApplicationFilterChain.java:111)\n\tat org.springframework.web.filter.CharacterEncodingFilter.doFilterInternal(CharacterEncodingFilter.java:199)\n\tat org.springframework.web.filter.OncePerRequestFilter.doFilter(OncePerRequestFilter.java:116)\n\tat org.apache.catalina.core.ApplicationFilterChain.doFilter(ApplicationFilterChain.java:111)\n\tat org.apache.catalina.core.StandardWrapperValve.invoke(StandardWrapperValve.java:165)\n\tat org.apache.catalina.core.StandardContextValve.invoke(StandardContextValve.java:77)\n\tat org.apache.catalina.authenticator.AuthenticatorBase.invoke(AuthenticatorBase.java:535)\n\tat org.apache.catalina.core.StandardHostValve.invoke(StandardHostValve.java:115)\n\tat org.apache.catalina.valves.ErrorReportValve.invoke(ErrorReportValve.java:86)\n\tat org.apache.catalina.core.StandardEngineValve.invoke(StandardEngineValve.java:71)\n\tat org.apache.catalina.connector.CoyoteAdapter.service(CoyoteAdapter.java:347)\n\tat org.apache.coyote.http11.Http11Processor.service(Http11Processor.java:406)\n\tat org.apache.coyote.AbstractProcessorLight.process(AbstractProcessorLight.java:71)\n\tat org.apache.coyote.AbstractProtocol$ConnectionHandler.process(AbstractProtocol.java:1307)\n\tat org.apache.tomcat.util.net.NioEndpoint$SocketProcessor.doRun(NioEndpoint.java:2036)\n\tat org.apache.tomcat.util.net.SocketProcessorBase.run(SocketProcessorBase.java:74)\n\tat org.apache.tomcat.util.threads.ThreadPoolExecutor.runWorker(ThreadPoolExecutor.java:949)\n\tat org.apache.tomcat.util.threads.ThreadPoolExecutor$Worker.run(ThreadPoolExecutor.java:483)\n\tat org.apache.tomcat.util.threads.TaskThread$WrappingRunnable.run(TaskThread.java:74)\n\tat java.base/java.lang.Thread.run(Thread.java:1583)\n"}
{"@timestamp":"2026-09-12T19:53:00.425974-07:00","@version":"1","message":"Servlet.service() for servlet [dispatcherServlet] in context with path [] threw exception [Request processing failed: software.amazon.awssdk.core.exception.SdkClientException: Unable to load credentials from any of the providers in the chain AwsCredentialsProviderChain(credentialsProviders=[SystemPropertyCredentialsProvider(), EnvironmentVariableCredentialsProvider(), WebIdentityTokenCredentialsProvider(), ProfileCredentialsProvider(profileName=default, profileFile=ProfileFile(sections=[])), ContainerCredentialsProvider(), InstanceProfileCredentialsProvider()]) : [SystemPropertyCredentialsProvider(): Unable to load credentials from system settings. Access key must be specified either via environment variable (AWS_ACCESS_KEY_ID) or system property (aws.accessKeyId)., EnvironmentVariableCredentialsProvider(): Unable to load credentials from system settings. Secret key must be specified either via environment variable (AWS_SECRET_ACCESS_KEY) or system property (aws.secretAccessKey)., WebIdentityTokenCredentialsProvider(): Either the environment variable AWS_WEB_IDENTITY_TOKEN_FILE or the javaproperty aws.webIdentityTokenFile must be set., ProfileCredentialsProvider(profileName=default, profileFile=ProfileFile(sections=[])): Profile file contained no credentials for profile 'default': ProfileFile(sections=[]), ContainerCredentialsProvider(): Cannot fetch credentials from container - neither AWS_CONTAINER_CREDENTIALS_FULL_URI or AWS_CONTAINER_CREDENTIALS_RELATIVE_URI environment variables are set., InstanceProfileCredentialsProvider(): Failed to load credentials from IMDS.]] with root cause","logger_name":"org.apache.catalina.core.ContainerBase.[Tomcat].[localhost].[/].[dispatcherServlet]","thread_name":"http-nio-8080-exec-3","level":"ERROR","level_value":40000,"stack_trace":"software.amazon.awssdk.core.exception.SdkClientException: Unable to load credentials from any of the providers in the chain AwsCredentialsProviderChain(credentialsProviders=[SystemPropertyCredentialsProvider(), EnvironmentVariableCredentialsProvider(), WebIdentityTokenCredentialsProvider(), ProfileCredentialsProvider(profileName=default, profileFile=ProfileFile(sections=[])), ContainerCredentialsProvider(), InstanceProfileCredentialsProvider()]) : [SystemPropertyCredentialsProvider(): Unable to load credentials from system settings. Access key must be specified either via environment variable (AWS_ACCESS_KEY_ID) or system property (aws.accessKeyId)., EnvironmentVariableCredentialsProvider(): Unable to load credentials from system settings. Secret key must be specified either via environment variable (AWS_SECRET_ACCESS_KEY) or system property (aws.secretAccessKey)., WebIdentityTokenCredentialsProvider(): Either the environment variable AWS_WEB_IDENTITY_TOKEN_FILE or the javaproperty aws.webIdentityTokenFile must be set., ProfileCredentialsProvider(profileName=default, profileFile=ProfileFile(sections=[])): Profile file contained no credentials for profile 'default': ProfileFile(sections=[]), ContainerCredentialsProvider(): Cannot fetch credentials from container - neither AWS_CONTAINER_CREDENTIALS_FULL_URI or AWS_CONTAINER_CREDENTIALS_RELATIVE_URI environment variables are set., InstanceProfileCredentialsProvider(): Failed to load credentials from IMDS.]\n\tat software.amazon.awssdk.core.exception.SdkClientException$BuilderImpl.build(SdkClientException.java:130)\n\tat software.amazon.awssdk.auth.credentials.AwsCredentialsProviderChain.resolveCredentials(AwsCredentialsProviderChain.java:130)\n\tat software.amazon.awssdk.auth.credentials.internal.LazyAwsCredentialsProvider.resolveCredentials(LazyAwsCredentialsProvider.java:45)\n\tat software.amazon.awssdk.auth.credentials.DefaultCredentialsProvider.resolveCredentials(DefaultCredentialsProvider.java:134)\n\tat software.amazon.awssdk.auth.credentials.AwsCredentialsProvider.resolveIdentity(AwsCredentialsProvider.java:54)\n\tat software.amazon.awssdk.services.athena.auth.scheme.internal.AthenaAuthSchemeInterceptor.lambda$trySelectAuthScheme$4(AthenaAuthSchemeInterceptor.java:134)\n\tat software.amazon.awssdk.core.internal.util.MetricUtils.reportDuration(MetricUtils.java:80)\n\tat software.amazon.awssdk.services.athena.auth.scheme.internal.AthenaAuthSchemeInterceptor.trySelectAuthScheme(AthenaAuthSchemeInterceptor.java:134)\n\tat software.amazon.awssdk.services.athena.auth.scheme.internal.AthenaAuthSchemeInterceptor.selectAuthScheme(AthenaAuthSchemeInterceptor.java:81)\n\tat software.amazon.awssdk.services.athena.auth.scheme.internal.AthenaAuthSchemeInterceptor.beforeExecution(AthenaAuthSchemeInterceptor.java:61)\n\tat software.amazon.awssdk.core.interceptor.ExecutionInterceptorChain.lambda$beforeExecution$1(ExecutionInterceptorChain.java:59)\n\tat java.base/java.util.ArrayList.forEach(ArrayList.java:1596)\n\tat software.amazon.awssdk.core.interceptor.ExecutionInterceptorChain.beforeExecution(ExecutionInterceptorChain.java:59)\n\tat software.amazon.awssdk.awscore.internal.AwsExecutionContextBuilder.runInitialInterceptors(AwsExecutionContextBuilder.java:315)\n\tat software.amazon.awssdk.awscore.internal.AwsExecutionContextBuilder.invokeInterceptorsAndCreateExecutionContext(AwsExecutionContextBuilder.java:151)\n\tat software.amazon.awssdk.awscore.client.handler.AwsSyncClientHandler.invokeInterceptorsAndCreateExecutionContext(AwsSyncClientHandler.java:67)\n\tat software.amazon.awssdk.core.internal.handler.BaseSyncClientHandler.lambda$execute$1(BaseSyncClientHandler.java:76)\n\tat software.amazon.awssdk.core.internal.handler.BaseSyncClientHandler.measureApiCallSuccess(BaseSyncClientHandler.java:182)\n\tat software.amazon.awssdk.core.internal.handler.BaseSyncClientHandler.execute(BaseSyncClientHandler.java:74)\n\tat software.amazon.awssdk.core.client.handler.SdkSyncClientHandler.execute(SdkSyncClientHandler.java:45)\n\tat software.amazon.awssdk.awscore.client.handler.AwsSyncClientHandler.execute(AwsSyncClientHandler.java:53)\n\tat software.amazon.awssdk.services.athena.DefaultAthenaClient.startQueryExecution(DefaultAthenaClient.java:4936)\n\tat com.sravanthi.logAnalytics.service.AthenaQueryService.startQuery(AthenaQueryService.java:75)\n\tat com.sravanthi.logAnalytics.service.AthenaQueryService.findLogs(AthenaQueryService.java:55)\n\tat com.sravanthi.logAnalytics.controller.AthenaController.findLogs(AthenaController.java:29)\n\tat java.base/jdk.internal.reflect.DirectMethodHandleAccessor.invoke(DirectMethodHandleAccessor.java:103)\n\tat java.base/java.lang.reflect.Method.invoke(Method.java:580)\n\tat org.springframework.web.method.support.InvocableHandlerMethod.doInvoke(InvocableHandlerMethod.java:252)\n\tat org.springframework.web.method.support.InvocableHandlerMethod.invokeForRequest(InvocableHandlerMethod.java:184)\n\tat org.springframework.web.servlet.mvc.method.annotation.ServletInvocableHandlerMethod.invokeAndHandle(ServletInvocableHandlerMethod.java:117)\n\tat org.springframework.web.servlet.mvc.method.annotation.RequestMappingHandlerAdapter.invokeHandlerMethod(RequestMappingHandlerAdapter.java:934)\n\tat org.springframework.web.servlet.mvc.method.annotation.RequestMappingHandlerAdapter.handleInternal(RequestMappingHandlerAdapter.java:853)\n\tat org.springframework.web.servlet.mvc.method.AbstractHandlerMethodAdapter.handle(AbstractHandlerMethodAdapter.java:86)\n\tat org.springframework.web.servlet.DispatcherServlet.doDispatch(DispatcherServlet.java:963)\n\tat org.springframework.web.servlet.DispatcherServlet.doService(DispatcherServlet.java:866)\n\tat org.springframework.web.servlet.FrameworkServlet.processRequest(FrameworkServlet.java:1000)\n\tat org.springframework.web.servlet.FrameworkServlet.doGet(FrameworkServlet.java:892)\n\tat jakarta.servlet.http.HttpServlet.service(HttpServlet.java:622)\n\tat org.springframework.web.servlet.FrameworkServlet.service(FrameworkServlet.java:874)\n\tat jakarta.servlet.http.HttpServlet.service(HttpServlet.java:710)\n\tat org.apache.catalina.core.ApplicationFilterChain.doFilter(ApplicationFilterChain.java:132)\n\tat org.apache.tomcat.websocket.server.WsFilter.doFilter(WsFilter.java:59)\n\tat org.apache.catalina.core.ApplicationFilterChain.doFilter(ApplicationFilterChain.java:111)\n\tat org.springframework.web.filter.RequestContextFilter.doFilterInternal(RequestContextFilter.java:100)\n\tat org.springframework.web.filter.OncePerRequestFilter.doFilter(OncePerRequestFilter.java:116)\n\tat org.apache.catalina.core.ApplicationFilterChain.doFilter(ApplicationFilterChain.java:111)\n\tat org.springframework.web.filter.FormContentFilter.doFilterInternal(FormContentFilter.java:93)\n\tat org.springframework.web.filter.OncePerRequestFilter.doFilter(OncePerRequestFilter.java:116)\n\tat org.apache.catalina.core.ApplicationFilterChain.doFilter(ApplicationFilterChain.java:111)\n\tat org.springframework.web.filter.ServerHttpObservationFilter.doFilterInternal(ServerHttpObservationFilter.java:110)\n\tat org.springframework.web.filter.OncePerRequestFilter.doFilter(OncePerRequestFilter.java:116)\n\tat org.apache.catalina.core.ApplicationFilterChain.doFilter(ApplicationFilterChain.java:111)\n\tat org.springframework.web.filter.CharacterEncodingFilter.doFilterInternal(CharacterEncodingFilter.java:199)\n\tat org.springframework.web.filter.OncePerRequestFilter.doFilter(OncePerRequestFilter.java:116)\n\tat org.apache.catalina.core.ApplicationFilterChain.doFilter(ApplicationFilterChain.java:111)\n\tat org.apache.catalina.core.StandardWrapperValve.invoke(StandardWrapperValve.java:165)\n\tat org.apache.catalina.core.StandardContextValve.invoke(StandardContextValve.java:77)\n\tat org.apache.catalina.authenticator.AuthenticatorBase.invoke(AuthenticatorBase.java:535)\n\tat org.apache.catalina.core.StandardHostValve.invoke(StandardHostValve.java:115)\n\tat org.apache.catalina.valves.ErrorReportValve.invoke(ErrorReportValve.java:86)\n\tat org.apache.catalina.core.StandardEngineValve.invoke(StandardEngineValve.java:71)\n\tat org.apache.catalina.connector.CoyoteAdapter.service(CoyoteAdapter.java:347)\n\tat org.apache.coyote.http11.Http11Processor.service(Http11Processor.java:406)\n\tat org.apache.coyote.AbstractProcessorLight.process(AbstractProcessorLight.java:71)\n\tat org.apache.coyote.AbstractProtocol$ConnectionHandler.process(AbstractProtocol.java:1307)\n\tat org.apache.tomcat.util.net.NioEndpoint$SocketProcessor.doRun(NioEndpoint.java:2036)\n\tat org.apache.tomcat.util.net.SocketProcessorBase.run(SocketProcessorBase.java:74)\n\tat org.apache.tomcat.util.threads.ThreadPoolExecutor.runWorker(ThreadPoolExecutor.java:949)\n\tat org.apache.tomcat.util.threads.ThreadPoolExecutor$Worker.run(ThreadPoolExecutor.java:483)\n\tat org.apache.tomcat.util.threads.TaskThread$WrappingRunnable.run(TaskThread.java:74)\n\tat java.base/java.lang.Thread.run(Thread.java:1583)\n"}
{"@timestamp":"2026-09-12T19:56:17.214052-07:00","@version":"1","message":"Commencing graceful shutdown. Waiting for active requests to complete","logger_name":"org.springframework.boot.tomcat.GracefulShutdown","thread_name":"SpringApplicationShutdownHook","level":"INFO","level_value":20000,"tags":["COMMONS-LOGGING"]}
{"@timestamp":"2026-09-12T19:56:17.222424-07:00","@version":"1","message":"Graceful shutdown complete","logger_name":"org.springframework.boot.tomcat.GracefulShutdown","thread_name":"tomcat-shutdown","level":"INFO","level_value":20000,"tags":["COMMONS-LOGGING"]}
{"@timestamp":"2026-09-12T19:57:43.343291-07:00","@version":"1","message":"HV000001: Hibernate Validator 9.1.3.Final","logger_name":"org.hibernate.validator.internal.util.Version","thread_name":"background-preinit","level":"INFO","level_value":20000}
{"@timestamp":"2026-09-12T19:57:43.370738-07:00","@version":"1","message":"Starting LogAnalyticsServiceApplication using Java 21.0.12.1 with PID 60918 (/Users/sravanthiediga/IdeaProjects/logAnalyticsService/target/classes started by sravanthiediga in /Users/sravanthiediga/IdeaProjects/logAnalyticsService)","logger_name":"com.sravanthi.logAnalytics.LogAnalyticsServiceApplication","thread_name":"main","level":"INFO","level_value":20000,"tags":["COMMONS-LOGGING"]}
{"@timestamp":"2026-09-12T19:57:43.3716-07:00","@version":"1","message":"No active profile set, falling back to 1 default profile: \"default\"","logger_name":"com.sravanthi.logAnalytics.LogAnalyticsServiceApplication","thread_name":"main","level":"INFO","level_value":20000,"tags":["COMMONS-LOGGING"]}
{"@timestamp":"2026-09-12T19:57:44.005086-07:00","@version":"1","message":"Tomcat initialized with port 8080 (http)","logger_name":"org.springframework.boot.tomcat.TomcatWebServer","thread_name":"main","level":"INFO","level_value":20000,"tags":["COMMONS-LOGGING"]}
{"@timestamp":"2026-09-12T19:57:44.014341-07:00","@version":"1","message":"Initializing ProtocolHandler [\"http-nio-8080\"]","logger_name":"org.apache.coyote.http11.Http11NioProtocol","thread_name":"main","level":"INFO","level_value":20000}
{"@timestamp":"2026-09-12T19:57:44.015298-07:00","@version":"1","message":"Starting service [Tomcat]","logger_name":"org.apache.catalina.core.StandardService","thread_name":"main","level":"INFO","level_value":20000}
{"@timestamp":"2026-09-12T19:57:44.015607-07:00","@version":"1","message":"Starting Servlet engine: [Apache Tomcat/11.0.24]","logger_name":"org.apache.catalina.core.StandardEngine","thread_name":"main","level":"INFO","level_value":20000}
{"@timestamp":"2026-09-12T19:57:44.037659-07:00","@version":"1","message":"Root WebApplicationContext: initialization completed in 642 ms","logger_name":"org.springframework.boot.web.context.servlet.WebApplicationContextInitializer","thread_name":"main","level":"INFO","level_value":20000,"tags":["COMMONS-LOGGING"]}
{"@timestamp":"2026-09-12T19:57:44.501852-07:00","@version":"1","message":"Exposing 2 endpoints beneath base path '/actuator'","logger_name":"org.springframework.boot.actuate.endpoint.web.EndpointLinksResolver","thread_name":"main","level":"INFO","level_value":20000,"tags":["COMMONS-LOGGING"]}
{"@timestamp":"2026-09-12T19:57:44.520434-07:00","@version":"1","message":"Starting ProtocolHandler [\"http-nio-8080\"]","logger_name":"org.apache.coyote.http11.Http11NioProtocol","thread_name":"main","level":"INFO","level_value":20000}
{"@timestamp":"2026-09-12T19:57:44.525812-07:00","@version":"1","message":"Tomcat started on port 8080 (http) with context path '/'","logger_name":"org.springframework.boot.tomcat.TomcatWebServer","thread_name":"main","level":"INFO","level_value":20000,"tags":["COMMONS-LOGGING"]}
{"@timestamp":"2026-09-12T19:57:44.529443-07:00","@version":"1","message":"Started LogAnalyticsServiceApplication in 1.495 seconds (process running for 1.764)","logger_name":"com.sravanthi.logAnalytics.LogAnalyticsServiceApplication","thread_name":"main","level":"INFO","level_value":20000,"tags":["COMMONS-LOGGING"]}
{"@timestamp":"2026-09-12T19:57:52.709909-07:00","@version":"1","message":"Initializing Spring DispatcherServlet 'dispatcherServlet'","logger_name":"org.apache.catalina.core.ContainerBase.[Tomcat].[localhost].[/]","thread_name":"http-nio-8080-exec-1","level":"INFO","level_value":20000}
{"@timestamp":"2026-09-12T19:57:52.710227-07:00","@version":"1","message":"Initializing Servlet 'dispatcherServlet'","logger_name":"org.springframework.web.servlet.DispatcherServlet","thread_name":"http-nio-8080-exec-1","level":"INFO","level_value":20000,"tags":["COMMONS-LOGGING"]}
{"@timestamp":"2026-09-12T19:57:52.711395-07:00","@version":"1","message":"Completed initialization in 1 ms","logger_name":"org.springframework.web.servlet.DispatcherServlet","thread_name":"http-nio-8080-exec-1","level":"INFO","level_value":20000,"tags":["COMMONS-LOGGING"]}
{"@timestamp":"2026-09-12T19:57:53.738775-07:00","@version":"1","message":"Servlet.service() for servlet [dispatcherServlet] in context with path [] threw exception [Request processing failed: java.lang.IllegalStateException: Athena query FAILED: TABLE_NOT_FOUND: line 7:6: Table 'awsdatacatalog.log_analytics_db.application_logs' does not exist] with root cause","logger_name":"org.apache.catalina.core.ContainerBase.[Tomcat].[localhost].[/].[dispatcherServlet]","thread_name":"http-nio-8080-exec-1","level":"ERROR","level_value":40000,"stack_trace":"java.lang.IllegalStateException: Athena query FAILED: TABLE_NOT_FOUND: line 7:6: Table 'awsdatacatalog.log_analytics_db.application_logs' does not exist\n\tat com.sravanthi.logAnalytics.service.AthenaQueryService.waitForCompletion(AthenaQueryService.java:103)\n\tat com.sravanthi.logAnalytics.service.AthenaQueryService.findLogs(AthenaQueryService.java:56)\n\tat com.sravanthi.logAnalytics.controller.AthenaController.findLogs(AthenaController.java:29)\n\tat java.base/jdk.internal.reflect.DirectMethodHandleAccessor.invoke(DirectMethodHandleAccessor.java:103)\n\tat java.base/java.lang.reflect.Method.invoke(Method.java:580)\n\tat org.springframework.web.method.support.InvocableHandlerMethod.doInvoke(InvocableHandlerMethod.java:252)\n\tat org.springframework.web.method.support.InvocableHandlerMethod.invokeForRequest(InvocableHandlerMethod.java:184)\n\tat org.springframework.web.servlet.mvc.method.annotation.ServletInvocableHandlerMethod.invokeAndHandle(ServletInvocableHandlerMethod.java:117)\n\tat org.springframework.web.servlet.mvc.method.annotation.RequestMappingHandlerAdapter.invokeHandlerMethod(RequestMappingHandlerAdapter.java:934)\n\tat org.springframework.web.servlet.mvc.method.annotation.RequestMappingHandlerAdapter.handleInternal(RequestMappingHandlerAdapter.java:853)\n\tat org.springframework.web.servlet.mvc.method.AbstractHandlerMethodAdapter.handle(AbstractHandlerMethodAdapter.java:86)\n\tat org.springframework.web.servlet.DispatcherServlet.doDispatch(DispatcherServlet.java:963)\n\tat org.springframework.web.servlet.DispatcherServlet.doService(DispatcherServlet.java:866)\n\tat org.springframework.web.servlet.FrameworkServlet.processRequest(FrameworkServlet.java:1000)\n\tat org.springframework.web.servlet.FrameworkServlet.doGet(FrameworkServlet.java:892)\n\tat jakarta.servlet.http.HttpServlet.service(HttpServlet.java:622)\n\tat org.springframework.web.servlet.FrameworkServlet.service(FrameworkServlet.java:874)\n\tat jakarta.servlet.http.HttpServlet.service(HttpServlet.java:710)\n\tat org.apache.catalina.core.ApplicationFilterChain.doFilter(ApplicationFilterChain.java:132)\n\tat org.apache.tomcat.websocket.server.WsFilter.doFilter(WsFilter.java:59)\n\tat org.apache.catalina.core.ApplicationFilterChain.doFilter(ApplicationFilterChain.java:111)\n\tat org.springframework.web.filter.RequestContextFilter.doFilterInternal(RequestContextFilter.java:100)\n\tat org.springframework.web.filter.OncePerRequestFilter.doFilter(OncePerRequestFilter.java:116)\n\tat org.apache.catalina.core.ApplicationFilterChain.doFilter(ApplicationFilterChain.java:111)\n\tat org.springframework.web.filter.FormContentFilter.doFilterInternal(FormContentFilter.java:93)\n\tat org.springframework.web.filter.OncePerRequestFilter.doFilter(OncePerRequestFilter.java:116)\n\tat org.apache.catalina.core.ApplicationFilterChain.doFilter(ApplicationFilterChain.java:111)\n\tat org.springframework.web.filter.ServerHttpObservationFilter.doFilterInternal(ServerHttpObservationFilter.java:110)\n\tat org.springframework.web.filter.OncePerRequestFilter.doFilter(OncePerRequestFilter.java:116)\n\tat org.apache.catalina.core.ApplicationFilterChain.doFilter(ApplicationFilterChain.java:111)\n\tat org.springframework.web.filter.CharacterEncodingFilter.doFilterInternal(CharacterEncodingFilter.java:199)\n\tat org.springframework.web.filter.OncePerRequestFilter.doFilter(OncePerRequestFilter.java:116)\n\tat org.apache.catalina.core.ApplicationFilterChain.doFilter(ApplicationFilterChain.java:111)\n\tat org.apache.catalina.core.StandardWrapperValve.invoke(StandardWrapperValve.java:165)\n\tat org.apache.catalina.core.StandardContextValve.invoke(StandardContextValve.java:77)\n\tat org.apache.catalina.authenticator.AuthenticatorBase.invoke(AuthenticatorBase.java:535)\n\tat org.apache.catalina.core.StandardHostValve.invoke(StandardHostValve.java:115)\n\tat org.apache.catalina.valves.ErrorReportValve.invoke(ErrorReportValve.java:86)\n\tat org.apache.catalina.core.StandardEngineValve.invoke(StandardEngineValve.java:71)\n\tat org.apache.catalina.connector.CoyoteAdapter.service(CoyoteAdapter.java:347)\n\tat org.apache.coyote.http11.Http11Processor.service(Http11Processor.java:406)\n\tat org.apache.coyote.AbstractProcessorLight.process(AbstractProcessorLight.java:71)\n\tat org.apache.coyote.AbstractProtocol$ConnectionHandler.process(AbstractProtocol.java:1307)\n\tat org.apache.tomcat.util.net.NioEndpoint$SocketProcessor.doRun(NioEndpoint.java:2036)\n\tat org.apache.tomcat.util.net.SocketProcessorBase.run(SocketProcessorBase.java:74)\n\tat org.apache.tomcat.util.threads.ThreadPoolExecutor.runWorker(ThreadPoolExecutor.java:949)\n\tat org.apache.tomcat.util.threads.ThreadPoolExecutor$Worker.run(ThreadPoolExecutor.java:483)\n\tat org.apache.tomcat.util.threads.TaskThread$WrappingRunnable.run(TaskThread.java:74)\n\tat java.base/java.lang.Thread.run(Thread.java:1583)\n"}
{"@timestamp":"2026-09-12T20:05:01.594255-07:00","@version":"1","message":"Commencing graceful shutdown. Waiting for active requests to complete","logger_name":"org.springframework.boot.tomcat.GracefulShutdown","thread_name":"SpringApplicationShutdownHook","level":"INFO","level_value":20000,"tags":["COMMONS-LOGGING"]}
{"@timestamp":"2026-09-12T20:05:01.60114-07:00","@version":"1","message":"Graceful shutdown complete","logger_name":"org.springframework.boot.tomcat.GracefulShutdown","thread_name":"tomcat-shutdown","level":"INFO","level_value":20000,"tags":["COMMONS-LOGGING"]}
